../Core/Src/main.c:192:5:main	8	static
../Core/Src/main.c:246:6:SystemClock_Config	88	static
../Core/Src/main.c:293:13:MX_ADC1_Init	24	static
../Core/Src/main.c:349:13:MX_I2C1_Init	8	static
../Core/Src/main.c:383:13:MX_TIM2_Init	32	static
../Core/Src/main.c:428:13:MX_USART1_UART_Init	8	static
../Core/Src/main.c:459:13:MX_DMA_Init	16	static
../Core/Src/main.c:477:13:MX_GPIO_Init	40	static
../Core/Src/main.c:524:6:HAL_GPIO_EXTI_Callback	16	static
../Core/Src/main.c:536:6:HAL_TIM_PeriodElapsedCallback	16	static
../Core/Src/main.c:548:6:HAL_ADC_ConvCpltCallback	16	static
../Core/Src/main.c:554:6:SH1106_WriteCommand	32	static
../Core/Src/main.c:559:6:SH1106_Init	8	static
../Core/Src/main.c:590:6:SH1106_UpdateScreen	40	static
../Core/Src/main.c:600:6:SH1106_Fill	24	static
../Core/Src/main.c:626:6:SH1106_DrawChar	24	static
../Core/Src/main.c:651:6:SH1106_DrawString	24	static
../Core/Src/main.c:665:6:Error_Handler	4	static,ignoring_inline_asm
